Archive member included because of file (symbol)

/usr/lib/gcc/avr/4.8.2/avr5/libgcc.a(_exit.o)
                              /usr/lib/gcc/avr/4.8.2/../../../avr/lib/avr5/crtm168.o (exit)
/usr/lib/gcc/avr/4.8.2/avr5/libgcc.a(_clear_bss.o)
                              timer.o (__do_clear_bss)

Memory Configuration

Name             Origin             Length             Attributes
text             0x0000000000000000 0x0000000000020000 xr
data             0x0000000000800060 0x000000000000ffa0 rw !x
eeprom           0x0000000000810000 0x0000000000010000 rw !x
fuse             0x0000000000820000 0x0000000000000400 rw !x
lock             0x0000000000830000 0x0000000000000400 rw !x
signature        0x0000000000840000 0x0000000000000400 rw !x
user_signatures  0x0000000000850000 0x0000000000000400 rw !x
*default*        0x0000000000000000 0xffffffffffffffff

Linker script and memory map

Address of section .data set to 0x800100
LOAD /usr/lib/gcc/avr/4.8.2/../../../avr/lib/avr5/crtm168.o
LOAD proj1.o
LOAD iroblib.o
LOAD timer.o
LOAD cmod.o
LOAD /usr/lib/gcc/avr/4.8.2/../../../avr/lib/avr5/libm.a
START GROUP
LOAD /usr/lib/gcc/avr/4.8.2/avr5/libgcc.a
LOAD /usr/lib/gcc/avr/4.8.2/../../../avr/lib/avr5/libm.a
LOAD /usr/lib/gcc/avr/4.8.2/../../../avr/lib/avr5/libc.a
END GROUP

.hash
 *(.hash)

.dynsym
 *(.dynsym)

.dynstr
 *(.dynstr)

.gnu.version
 *(.gnu.version)

.gnu.version_d
 *(.gnu.version_d)

.gnu.version_r
 *(.gnu.version_r)

.rel.init
 *(.rel.init)

.rela.init
 *(.rela.init)

.rel.text
 *(.rel.text)
 *(.rel.text.*)
 *(.rel.gnu.linkonce.t*)

.rela.text
 *(.rela.text)
 *(.rela.text.*)
 *(.rela.gnu.linkonce.t*)

.rel.fini
 *(.rel.fini)

.rela.fini
 *(.rela.fini)

.rel.rodata
 *(.rel.rodata)
 *(.rel.rodata.*)
 *(.rel.gnu.linkonce.r*)

.rela.rodata
 *(.rela.rodata)
 *(.rela.rodata.*)
 *(.rela.gnu.linkonce.r*)

.rel.data
 *(.rel.data)
 *(.rel.data.*)
 *(.rel.gnu.linkonce.d*)

.rela.data
 *(.rela.data)
 *(.rela.data.*)
 *(.rela.gnu.linkonce.d*)

.rel.ctors
 *(.rel.ctors)

.rela.ctors
 *(.rela.ctors)

.rel.dtors
 *(.rel.dtors)

.rela.dtors
 *(.rela.dtors)

.rel.got
 *(.rel.got)

.rela.got
 *(.rela.got)

.rel.bss
 *(.rel.bss)

.rela.bss
 *(.rela.bss)

.rel.plt
 *(.rel.plt)

.rela.plt
 *(.rela.plt)

.text           0x0000000000000000      0x5b4
 *(.vectors)
 .vectors       0x0000000000000000       0x68 /usr/lib/gcc/avr/4.8.2/../../../avr/lib/avr5/crtm168.o
                0x0000000000000000                __vectors
                0x0000000000000000                __vector_default
 *(.vectors)
 *(.progmem.gcc*)
 *(.progmem*)
                0x0000000000000068                . = ALIGN (0x2)
                0x0000000000000068                __trampolines_start = .
 *(.trampolines)
 .trampolines   0x0000000000000068        0x0 linker stubs
 *(.trampolines*)
                0x0000000000000068                __trampolines_end = .
 *(.jumptables)
 *(.jumptables*)
 *(.lowtext)
 *(.lowtext*)
                0x0000000000000068                __ctors_start = .
 *(.ctors)
                0x0000000000000068                __ctors_end = .
                0x0000000000000068                __dtors_start = .
 *(.dtors)
                0x0000000000000068                __dtors_end = .
 SORT(*)(.ctors)
 SORT(*)(.dtors)
 *(.init0)
 .init0         0x0000000000000068        0x0 /usr/lib/gcc/avr/4.8.2/../../../avr/lib/avr5/crtm168.o
                0x0000000000000068                __init
 *(.init0)
 *(.init1)
 *(.init1)
 *(.init2)
 .init2         0x0000000000000068        0xc /usr/lib/gcc/avr/4.8.2/../../../avr/lib/avr5/crtm168.o
 *(.init2)
 *(.init3)
 *(.init3)
 *(.init4)
 .init4         0x0000000000000074       0x10 /usr/lib/gcc/avr/4.8.2/avr5/libgcc.a(_clear_bss.o)
                0x0000000000000074                __do_clear_bss
 *(.init4)
 *(.init5)
 *(.init5)
 *(.init6)
 *(.init6)
 *(.init7)
 *(.init7)
 *(.init8)
 *(.init8)
 *(.init9)
 .init9         0x0000000000000084        0x8 /usr/lib/gcc/avr/4.8.2/../../../avr/lib/avr5/crtm168.o
 *(.init9)
 *(.text)
 .text          0x000000000000008c        0x4 /usr/lib/gcc/avr/4.8.2/../../../avr/lib/avr5/crtm168.o
                0x000000000000008c                __vector_22
                0x000000000000008c                __vector_1
                0x000000000000008c                __vector_24
                0x000000000000008c                __vector_12
                0x000000000000008c                __bad_interrupt
                0x000000000000008c                __vector_6
                0x000000000000008c                __vector_3
                0x000000000000008c                __vector_23
                0x000000000000008c                __vector_25
                0x000000000000008c                __vector_13
                0x000000000000008c                __vector_17
                0x000000000000008c                __vector_19
                0x000000000000008c                __vector_7
                0x000000000000008c                __vector_5
                0x000000000000008c                __vector_4
                0x000000000000008c                __vector_9
                0x000000000000008c                __vector_2
                0x000000000000008c                __vector_21
                0x000000000000008c                __vector_15
                0x000000000000008c                __vector_8
                0x000000000000008c                __vector_14
                0x000000000000008c                __vector_10
                0x000000000000008c                __vector_16
                0x000000000000008c                __vector_20
 .text          0x0000000000000090        0x0 proj1.o
 .text          0x0000000000000090      0x2d2 iroblib.o
                0x0000000000000090                defineSongs
                0x000000000000012c                powerOnRobot
                0x0000000000000166                powerOffRobot
                0x0000000000000188                powerLed
                0x00000000000001a6                setupCMDLeds
                0x00000000000001ae                toggleCMDLeds
                0x00000000000001b8                robotLeftLedOn
                0x00000000000001d0                robotRightLedOn
                0x00000000000001e8                robotLedsOn
                0x0000000000000200                robotLedsOff
                0x0000000000000218                bumperLedsNotif
                0x0000000000000244                drivePentagonCCW
                0x0000000000000246                driveStraight
                0x000000000000028c                rotate
                0x00000000000002d2                stopCreate
                0x00000000000002f0                drivePentagonCW
                0x000000000000032c                buttonDetect
 .text          0x0000000000000362       0xaa timer.o
                0x0000000000000362                __vector_18
                0x0000000000000376                __vector_11
                0x00000000000003d4                setupTimer
                0x00000000000003f2                delayMs
                0x000000000000040a                ToggleCMDTimer
 .text          0x000000000000040c      0x114 cmod.o
                0x000000000000040c                setupIOPins
                0x0000000000000424                setupSerialPort
                0x000000000000043e                initializeCommandModule
                0x0000000000000450                byteTx
                0x000000000000045e                byteRx
                0x000000000000046c                baud
 .text          0x0000000000000520        0x0 /usr/lib/gcc/avr/4.8.2/avr5/libgcc.a(_exit.o)
 .text          0x0000000000000520        0x0 /usr/lib/gcc/avr/4.8.2/avr5/libgcc.a(_clear_bss.o)
                0x0000000000000520                . = ALIGN (0x2)
 *(.text.*)
 .text.startup  0x0000000000000520       0x90 proj1.o
                0x0000000000000520                main
 .text.libgcc.mul
                0x00000000000005b0        0x0 /usr/lib/gcc/avr/4.8.2/avr5/libgcc.a(_exit.o)
 .text.libgcc.div
                0x00000000000005b0        0x0 /usr/lib/gcc/avr/4.8.2/avr5/libgcc.a(_exit.o)
 .text.libgcc   0x00000000000005b0        0x0 /usr/lib/gcc/avr/4.8.2/avr5/libgcc.a(_exit.o)
 .text.libgcc.prologue
                0x00000000000005b0        0x0 /usr/lib/gcc/avr/4.8.2/avr5/libgcc.a(_exit.o)
 .text.libgcc.builtins
                0x00000000000005b0        0x0 /usr/lib/gcc/avr/4.8.2/avr5/libgcc.a(_exit.o)
 .text.libgcc.fmul
                0x00000000000005b0        0x0 /usr/lib/gcc/avr/4.8.2/avr5/libgcc.a(_exit.o)
 .text.libgcc.fixed
                0x00000000000005b0        0x0 /usr/lib/gcc/avr/4.8.2/avr5/libgcc.a(_exit.o)
 .text.libgcc.mul
                0x00000000000005b0        0x0 /usr/lib/gcc/avr/4.8.2/avr5/libgcc.a(_clear_bss.o)
 .text.libgcc.div
                0x00000000000005b0        0x0 /usr/lib/gcc/avr/4.8.2/avr5/libgcc.a(_clear_bss.o)
 .text.libgcc   0x00000000000005b0        0x0 /usr/lib/gcc/avr/4.8.2/avr5/libgcc.a(_clear_bss.o)
 .text.libgcc.prologue
                0x00000000000005b0        0x0 /usr/lib/gcc/avr/4.8.2/avr5/libgcc.a(_clear_bss.o)
 .text.libgcc.builtins
                0x00000000000005b0        0x0 /usr/lib/gcc/avr/4.8.2/avr5/libgcc.a(_clear_bss.o)
 .text.libgcc.fmul
                0x00000000000005b0        0x0 /usr/lib/gcc/avr/4.8.2/avr5/libgcc.a(_clear_bss.o)
 .text.libgcc.fixed
                0x00000000000005b0        0x0 /usr/lib/gcc/avr/4.8.2/avr5/libgcc.a(_clear_bss.o)
                0x00000000000005b0                . = ALIGN (0x2)
 *(.fini9)
 .fini9         0x00000000000005b0        0x0 /usr/lib/gcc/avr/4.8.2/avr5/libgcc.a(_exit.o)
                0x00000000000005b0                exit
                0x00000000000005b0                _exit
 *(.fini9)
 *(.fini8)
 *(.fini8)
 *(.fini7)
 *(.fini7)
 *(.fini6)
 *(.fini6)
 *(.fini5)
 *(.fini5)
 *(.fini4)
 *(.fini4)
 *(.fini3)
 *(.fini3)
 *(.fini2)
 *(.fini2)
 *(.fini1)
 *(.fini1)
 *(.fini0)
 .fini0         0x00000000000005b0        0x4 /usr/lib/gcc/avr/4.8.2/avr5/libgcc.a(_exit.o)
 *(.fini0)
                0x00000000000005b4                _etext = .

.data           0x0000000000800100        0x0 load address 0x00000000000005b4
                0x0000000000800100                PROVIDE (__data_start, .)
 *(.data)
 .data          0x0000000000800100        0x0 /usr/lib/gcc/avr/4.8.2/../../../avr/lib/avr5/crtm168.o
 .data          0x0000000000800100        0x0 proj1.o
 .data          0x0000000000800100        0x0 iroblib.o
 .data          0x0000000000800100        0x0 timer.o
 .data          0x0000000000800100        0x0 cmod.o
 .data          0x0000000000800100        0x0 /usr/lib/gcc/avr/4.8.2/avr5/libgcc.a(_exit.o)
 .data          0x0000000000800100        0x0 /usr/lib/gcc/avr/4.8.2/avr5/libgcc.a(_clear_bss.o)
 *(.data*)
 *(.rodata)
 *(.rodata*)
 *(.gnu.linkonce.d*)
                0x0000000000800100                . = ALIGN (0x2)
                0x0000000000800100                _edata = .
                0x0000000000800100                PROVIDE (__data_end, .)

.bss            0x0000000000800100        0x6
                0x0000000000800100                PROVIDE (__bss_start, .)
 *(.bss)
 .bss           0x0000000000800100        0x0 /usr/lib/gcc/avr/4.8.2/../../../avr/lib/avr5/crtm168.o
 .bss           0x0000000000800100        0x0 proj1.o
 .bss           0x0000000000800100        0x0 iroblib.o
 .bss           0x0000000000800100        0x6 timer.o
                0x0000000000800100                ToggleCMDTimerRunning
                0x0000000000800101                delayTimerRunning
                0x0000000000800102                ToggleCMDTimerCount
                0x0000000000800104                delayTimerCount
 .bss           0x0000000000800106        0x0 cmod.o
 .bss           0x0000000000800106        0x0 /usr/lib/gcc/avr/4.8.2/avr5/libgcc.a(_exit.o)
 .bss           0x0000000000800106        0x0 /usr/lib/gcc/avr/4.8.2/avr5/libgcc.a(_clear_bss.o)
 *(.bss*)
 *(COMMON)
                0x0000000000800106                PROVIDE (__bss_end, .)
                0x00000000000005b4                __data_load_start = LOADADDR (.data)
                0x00000000000005b4                __data_load_end = (__data_load_start + SIZEOF (.data))

.noinit         0x0000000000800106        0x0
                0x0000000000800106                PROVIDE (__noinit_start, .)
 *(.noinit*)
                0x0000000000800106                PROVIDE (__noinit_end, .)
                0x0000000000800106                _end = .
                0x0000000000800106                PROVIDE (__heap_start, .)

.eeprom         0x0000000000810000        0x0
 *(.eeprom*)
                0x0000000000810000                __eeprom_end = .

.fuse
 *(.fuse)
 *(.lfuse)
 *(.hfuse)
 *(.efuse)

.lock
 *(.lock*)

.signature
 *(.signature*)

.user_signatures
 *(.user_signatures*)

.stab           0x0000000000000000      0x6cc
 *(.stab)
 .stab          0x0000000000000000      0x6cc /usr/lib/gcc/avr/4.8.2/../../../avr/lib/avr5/crtm168.o

.stabstr        0x0000000000000000       0x54
 *(.stabstr)
 .stabstr       0x0000000000000000       0x54 /usr/lib/gcc/avr/4.8.2/../../../avr/lib/avr5/crtm168.o

.stab.excl
 *(.stab.excl)

.stab.exclstr
 *(.stab.exclstr)

.stab.index
 *(.stab.index)

.stab.indexstr
 *(.stab.indexstr)

.comment        0x0000000000000000       0x11
 *(.comment)
 .comment       0x0000000000000000       0x11 proj1.o
                                         0x12 (size before relaxing)
 .comment       0x0000000000000000       0x12 iroblib.o
 .comment       0x0000000000000000       0x12 timer.o
 .comment       0x0000000000000000       0x12 cmod.o

.debug
 *(.debug)

.line
 *(.line)

.debug_srcinfo
 *(.debug_srcinfo)

.debug_sfnames
 *(.debug_sfnames)

.debug_aranges  0x0000000000000000       0x80
 *(.debug_aranges)
 .debug_aranges
                0x0000000000000000       0x20 proj1.o
 .debug_aranges
                0x0000000000000020       0x20 iroblib.o
 .debug_aranges
                0x0000000000000040       0x20 timer.o
 .debug_aranges
                0x0000000000000060       0x20 cmod.o

.debug_pubnames
 *(.debug_pubnames)

.debug_info     0x0000000000000000      0xed7
 *(.debug_info)
 .debug_info    0x0000000000000000      0x289 proj1.o
 .debug_info    0x0000000000000289      0x955 iroblib.o
 .debug_info    0x0000000000000bde      0x15f timer.o
 .debug_info    0x0000000000000d3d      0x19a cmod.o
 *(.gnu.linkonce.wi.*)

.debug_abbrev   0x0000000000000000      0x3e4
 *(.debug_abbrev)
 .debug_abbrev  0x0000000000000000       0xd6 proj1.o
 .debug_abbrev  0x00000000000000d6      0x141 iroblib.o
 .debug_abbrev  0x0000000000000217       0xb7 timer.o
 .debug_abbrev  0x00000000000002ce      0x116 cmod.o

.debug_line     0x0000000000000000      0x2f6
 *(.debug_line)
 .debug_line    0x0000000000000000       0x9b proj1.o
 .debug_line    0x000000000000009b      0x146 iroblib.o
 .debug_line    0x00000000000001e1       0x6c timer.o
 .debug_line    0x000000000000024d       0xa9 cmod.o

.debug_frame    0x0000000000000000      0x28c
 *(.debug_frame)
 .debug_frame   0x0000000000000000       0x24 proj1.o
 .debug_frame   0x0000000000000024      0x164 iroblib.o
 .debug_frame   0x0000000000000188       0x88 timer.o
 .debug_frame   0x0000000000000210       0x7c cmod.o

.debug_str      0x0000000000000000      0x31c
 *(.debug_str)
 .debug_str     0x0000000000000000      0x19a proj1.o
                                        0x1ce (size before relaxing)
 .debug_str     0x000000000000019a       0xcc iroblib.o
                                        0x257 (size before relaxing)
 .debug_str     0x0000000000000266       0x83 timer.o
                                        0x1b6 (size before relaxing)
 .debug_str     0x00000000000002e9       0x33 cmod.o
                                        0x188 (size before relaxing)

.debug_loc      0x0000000000000000      0x41e
 *(.debug_loc)
 .debug_loc     0x0000000000000000      0x326 iroblib.o
 .debug_loc     0x0000000000000326       0x9f timer.o
 .debug_loc     0x00000000000003c5       0x59 cmod.o

.debug_macinfo
 *(.debug_macinfo)

.debug_pubtypes
 *(.debug_pubtypes)

.debug_ranges   0x0000000000000000       0x10
 *(.debug_ranges)
 .debug_ranges  0x0000000000000000       0x10 proj1.o

.debug_macro
 *(.debug_macro)
OUTPUT(proj1.elf elf32-avr)
LOAD linker stubs

Cross Reference Table

Symbol                                            File
ToggleCMDTimer                                    timer.o
ToggleCMDTimerCount                               timer.o
                                                  proj1.o
ToggleCMDTimerRunning                             timer.o
__bad_interrupt                                   /usr/lib/gcc/avr/4.8.2/../../../avr/lib/avr5/crtm168.o
__bss_end                                         /usr/lib/gcc/avr/4.8.2/avr5/libgcc.a(_clear_bss.o)
__bss_start                                       /usr/lib/gcc/avr/4.8.2/avr5/libgcc.a(_clear_bss.o)
__do_clear_bss                                    /usr/lib/gcc/avr/4.8.2/avr5/libgcc.a(_clear_bss.o)
                                                  timer.o
__heap_end                                        /usr/lib/gcc/avr/4.8.2/../../../avr/lib/avr5/crtm168.o
__init                                            /usr/lib/gcc/avr/4.8.2/../../../avr/lib/avr5/crtm168.o
__stack                                           /usr/lib/gcc/avr/4.8.2/../../../avr/lib/avr5/crtm168.o
__vector_1                                        /usr/lib/gcc/avr/4.8.2/../../../avr/lib/avr5/crtm168.o
__vector_10                                       /usr/lib/gcc/avr/4.8.2/../../../avr/lib/avr5/crtm168.o
__vector_11                                       timer.o
                                                  /usr/lib/gcc/avr/4.8.2/../../../avr/lib/avr5/crtm168.o
__vector_12                                       /usr/lib/gcc/avr/4.8.2/../../../avr/lib/avr5/crtm168.o
__vector_13                                       /usr/lib/gcc/avr/4.8.2/../../../avr/lib/avr5/crtm168.o
__vector_14                                       /usr/lib/gcc/avr/4.8.2/../../../avr/lib/avr5/crtm168.o
__vector_15                                       /usr/lib/gcc/avr/4.8.2/../../../avr/lib/avr5/crtm168.o
__vector_16                                       /usr/lib/gcc/avr/4.8.2/../../../avr/lib/avr5/crtm168.o
__vector_17                                       /usr/lib/gcc/avr/4.8.2/../../../avr/lib/avr5/crtm168.o
__vector_18                                       timer.o
                                                  /usr/lib/gcc/avr/4.8.2/../../../avr/lib/avr5/crtm168.o
__vector_19                                       /usr/lib/gcc/avr/4.8.2/../../../avr/lib/avr5/crtm168.o
__vector_2                                        /usr/lib/gcc/avr/4.8.2/../../../avr/lib/avr5/crtm168.o
__vector_20                                       /usr/lib/gcc/avr/4.8.2/../../../avr/lib/avr5/crtm168.o
__vector_21                                       /usr/lib/gcc/avr/4.8.2/../../../avr/lib/avr5/crtm168.o
__vector_22                                       /usr/lib/gcc/avr/4.8.2/../../../avr/lib/avr5/crtm168.o
__vector_23                                       /usr/lib/gcc/avr/4.8.2/../../../avr/lib/avr5/crtm168.o
__vector_24                                       /usr/lib/gcc/avr/4.8.2/../../../avr/lib/avr5/crtm168.o
__vector_25                                       /usr/lib/gcc/avr/4.8.2/../../../avr/lib/avr5/crtm168.o
__vector_3                                        /usr/lib/gcc/avr/4.8.2/../../../avr/lib/avr5/crtm168.o
__vector_4                                        /usr/lib/gcc/avr/4.8.2/../../../avr/lib/avr5/crtm168.o
__vector_5                                        /usr/lib/gcc/avr/4.8.2/../../../avr/lib/avr5/crtm168.o
__vector_6                                        /usr/lib/gcc/avr/4.8.2/../../../avr/lib/avr5/crtm168.o
__vector_7                                        /usr/lib/gcc/avr/4.8.2/../../../avr/lib/avr5/crtm168.o
__vector_8                                        /usr/lib/gcc/avr/4.8.2/../../../avr/lib/avr5/crtm168.o
__vector_9                                        /usr/lib/gcc/avr/4.8.2/../../../avr/lib/avr5/crtm168.o
__vector_default                                  /usr/lib/gcc/avr/4.8.2/../../../avr/lib/avr5/crtm168.o
__vectors                                         /usr/lib/gcc/avr/4.8.2/../../../avr/lib/avr5/crtm168.o
_exit                                             /usr/lib/gcc/avr/4.8.2/avr5/libgcc.a(_exit.o)
baud                                              cmod.o
                                                  proj1.o
bumperLedsNotif                                   iroblib.o
                                                  proj1.o
buttonDetect                                      iroblib.o
                                                  proj1.o
byteRx                                            cmod.o
                                                  iroblib.o
byteTx                                            cmod.o
                                                  iroblib.o
                                                  proj1.o
defineSongs                                       iroblib.o
                                                  proj1.o
delayMs                                           timer.o
                                                  cmod.o
                                                  iroblib.o
                                                  proj1.o
delayTimerCount                                   timer.o
delayTimerRunning                                 timer.o
drivePentagonCCW                                  iroblib.o
drivePentagonCW                                   iroblib.o
driveStraight                                     iroblib.o
exit                                              /usr/lib/gcc/avr/4.8.2/avr5/libgcc.a(_exit.o)
                                                  proj1.o
                                                  /usr/lib/gcc/avr/4.8.2/../../../avr/lib/avr5/crtm168.o
initializeCommandModule                           cmod.o
                                                  proj1.o
main                                              proj1.o
                                                  /usr/lib/gcc/avr/4.8.2/../../../avr/lib/avr5/crtm168.o
powerLed                                          iroblib.o
                                                  proj1.o
powerOffRobot                                     iroblib.o
                                                  proj1.o
powerOnRobot                                      iroblib.o
                                                  proj1.o
robotLedsOff                                      iroblib.o
robotLedsOn                                       iroblib.o
robotLeftLedOn                                    iroblib.o
robotRightLedOn                                   iroblib.o
rotate                                            iroblib.o
setupCMDLeds                                      iroblib.o
                                                  proj1.o
setupIOPins                                       cmod.o
setupSerialPort                                   cmod.o
setupTimer                                        timer.o
                                                  cmod.o
stopCreate                                        iroblib.o
                                                  proj1.o
toggleCMDLeds                                     iroblib.o
